/usr/sfw/lib/webmin/backup-config
/usr/sfw/bin/libusb-config
/usr/sfw/bin/freetype-config
/usr/sfw/bin/gimpprint-config
/usr/sfw/bin/ijs-config
/usr/sfw/bin/glib-config
/usr/sfw/bin/gtk-config
/usr/sfw/bin/Magick++-config
/usr/sfw/bin/Magick-config
/usr/sfw/bin/mozilla-config
/usr/sfw/bin/gphoto2-config
/usr/sfw/bin/gphoto2-port-config
/usr/sfw/bin/net-snmp-config
/opt/cached/PUButil/bin/glib-config
/opt/cached/PUButil/bin/gtk-config
/opt/cached/PUButil/bin/libIDL-config
/opt/cached/PUButil/bin/libpng-config
/opt/cached/PUButil/bin/libpng12-config
/opt/cached/PUButil/odd/mozilla-1.7.12/mozilla/mozilla-config
/opt/cached/PUButil/odd/mozilla-1.7.8/bin/mozilla-config
/usr/apache2/bin/apr-config
/usr/apache2/bin/apu-config
/usr/bin/apoc-config
/usr/bin/audiofile-config
/usr/bin/esd-config
/usr/bin/krb5-config
/usr/bin/libart2-config
/usr/bin/libgcrypt-config
/usr/bin/libpng10-config
/usr/bin/libpng12-config
/usr/bin/orbit2-config
/usr/bin/pkg-config
/usr/bin/pspell-config
/usr/bin/scrollkeeper-config
/usr/bin/sparcv9/libpng10-config
/usr/bin/sparcv9/libpng12-config
/usr/bin/sparcv9/orbit2-config
/usr/bin/xml2-config
/usr/bin/xslt-config
